I'm sorry, but errors were detected in your script. Please correct the
errors listed below, and try again.


File "game/screens.rpy", line 1617: screen expects a non-empty block.
    screen character_creator():
                               ^

Ren'Py Version: Ren'Py 8.3.4.24120703
Sat Jan  4 13:54:06 2025
